Archive member included to satisfy reference by file (symbol)

c:/users/devan/stm32cubeide_1.9.0/stm32cubeide/plugins/com.st.stm32cube.ide.mcu.externaltools.gnu-tools-for-stm32.10.3-2021.10.win32_1.0.0.202111181127/tools/bin/../lib/gcc/arm-none-eabi/10.3.1/../../../../arm-none-eabi/lib/thumb/v7e-m+fp/hard\libc_nano.a(lib_a-errno.o)
                              ./Core/Src/syscalls.o (__errno)
c:/users/devan/stm32cubeide_1.9.0/stm32cubeide/plugins/com.st.stm32cube.ide.mcu.externaltools.gnu-tools-for-stm32.10.3-2021.10.win32_1.0.0.202111181127/tools/bin/../lib/gcc/arm-none-eabi/10.3.1/../../../../arm-none-eabi/lib/thumb/v7e-m+fp/hard\libc_nano.a(lib_a-exit.o)
                              c:/users/devan/stm32cubeide_1.9.0/stm32cubeide/plugins/com.st.stm32cube.ide.mcu.externaltools.gnu-tools-for-stm32.10.3-2021.10.win32_1.0.0.202111181127/tools/bin/../lib/gcc/arm-none-eabi/10.3.1/../../../../arm-none-eabi/lib/thumb/v7e-m+fp/hard/crt0.o (exit)
c:/users/devan/stm32cubeide_1.9.0/stm32cubeide/plugins/com.st.stm32cube.ide.mcu.externaltools.gnu-tools-for-stm32.10.3-2021.10.win32_1.0.0.202111181127/tools/bin/../lib/gcc/arm-none-eabi/10.3.1/../../../../arm-none-eabi/lib/thumb/v7e-m+fp/hard\libc_nano.a(lib_a-impure.o)
                              c:/users/devan/stm32cubeide_1.9.0/stm32cubeide/plugins/com.st.stm32cube.ide.mcu.externaltools.gnu-tools-for-stm32.10.3-2021.10.win32_1.0.0.202111181127/tools/bin/../lib/gcc/arm-none-eabi/10.3.1/../../../../arm-none-eabi/lib/thumb/v7e-m+fp/hard\libc_nano.a(lib_a-exit.o) (_global_impure_ptr)
c:/users/devan/stm32cubeide_1.9.0/stm32cubeide/plugins/com.st.stm32cube.ide.mcu.externaltools.gnu-tools-for-stm32.10.3-2021.10.win32_1.0.0.202111181127/tools/bin/../lib/gcc/arm-none-eabi/10.3.1/../../../../arm-none-eabi/lib/thumb/v7e-m+fp/hard\libc_nano.a(lib_a-init.o)
                              c:/users/devan/stm32cubeide_1.9.0/stm32cubeide/plugins/com.st.stm32cube.ide.mcu.externaltools.gnu-tools-for-stm32.10.3-2021.10.win32_1.0.0.202111181127/tools/bin/../lib/gcc/arm-none-eabi/10.3.1/../../../../arm-none-eabi/lib/thumb/v7e-m+fp/hard/crt0.o (__libc_init_array)
c:/users/devan/stm32cubeide_1.9.0/stm32cubeide/plugins/com.st.stm32cube.ide.mcu.externaltools.gnu-tools-for-stm32.10.3-2021.10.win32_1.0.0.202111181127/tools/bin/../lib/gcc/arm-none-eabi/10.3.1/../../../../arm-none-eabi/lib/thumb/v7e-m+fp/hard\libc_nano.a(lib_a-memset.o)
                              c:/users/devan/stm32cubeide_1.9.0/stm32cubeide/plugins/com.st.stm32cube.ide.mcu.externaltools.gnu-tools-for-stm32.10.3-2021.10.win32_1.0.0.202111181127/tools/bin/../lib/gcc/arm-none-eabi/10.3.1/../../../../arm-none-eabi/lib/thumb/v7e-m+fp/hard/crt0.o (memset)

Discarded input sections

 .text          0x0000000000000000        0x0 c:/users/devan/stm32cubeide_1.9.0/stm32cubeide/plugins/com.st.stm32cube.ide.mcu.externaltools.gnu-tools-for-stm32.10.3-2021.10.win32_1.0.0.202111181127/tools/bin/../lib/gcc/arm-none-eabi/10.3.1/thumb/v7e-m+fp/hard/crti.o
 .data          0x0000000000000000        0x0 c:/users/devan/stm32cubeide_1.9.0/stm32cubeide/plugins/com.st.stm32cube.ide.mcu.externaltools.gnu-tools-for-stm32.10.3-2021.10.win32_1.0.0.202111181127/tools/bin/../lib/gcc/arm-none-eabi/10.3.1/thumb/v7e-m+fp/hard/crti.o
 .bss           0x0000000000000000        0x0 c:/users/devan/stm32cubeide_1.9.0/stm32cubeide/plugins/com.st.stm32cube.ide.mcu.externaltools.gnu-tools-for-stm32.10.3-2021.10.win32_1.0.0.202111181127/tools/bin/../lib/gcc/arm-none-eabi/10.3.1/thumb/v7e-m+fp/hard/crti.o
 .data          0x0000000000000000        0x4 c:/users/devan/stm32cubeide_1.9.0/stm32cubeide/plugins/com.st.stm32cube.ide.mcu.externaltools.gnu-tools-for-stm32.10.3-2021.10.win32_1.0.0.202111181127/tools/bin/../lib/gcc/arm-none-eabi/10.3.1/thumb/v7e-m+fp/hard/crtbegin.o
 .rodata        0x0000000000000000       0x24 c:/users/devan/stm32cubeide_1.9.0/stm32cubeide/plugins/com.st.stm32cube.ide.mcu.externaltools.gnu-tools-for-stm32.10.3-2021.10.win32_1.0.0.202111181127/tools/bin/../lib/gcc/arm-none-eabi/10.3.1/thumb/v7e-m+fp/hard/crtbegin.o
 .text          0x0000000000000000       0x7c c:/users/devan/stm32cubeide_1.9.0/stm32cubeide/plugins/com.st.stm32cube.ide.mcu.externaltools.gnu-tools-for-stm32.10.3-2021.10.win32_1.0.0.202111181127/tools/bin/../lib/gcc/arm-none-eabi/10.3.1/../../../../arm-none-eabi/lib/thumb/v7e-m+fp/hard/crt0.o
 .data          0x0000000000000000        0x0 c:/users/devan/stm32cubeide_1.9.0/stm32cubeide/plugins/com.st.stm32cube.ide.mcu.externaltools.gnu-tools-for-stm32.10.3-2021.10.win32_1.0.0.202111181127/tools/bin/../lib/gcc/arm-none-eabi/10.3.1/../../../../arm-none-eabi/lib/thumb/v7e-m+fp/hard/crt0.o
 .bss           0x0000000000000000        0x0 c:/users/devan/stm32cubeide_1.9.0/stm32cubeide/plugins/com.st.stm32cube.ide.mcu.externaltools.gnu-tools-for-stm32.10.3-2021.10.win32_1.0.0.202111181127/tools/bin/../lib/gcc/arm-none-eabi/10.3.1/../../../../arm-none-eabi/lib/thumb/v7e-m+fp/hard/crt0.o
[...]
Memory Configuration

Name             Origin             Length             Attributes
RAM              0x0000000020000000 0x0000000000020000 xrw
FLASH            0x0000000008000000 0x0000000000080000 xr
*default*        0x0000000000000000 0xffffffffffffffff

Linker script and memory map

LOAD c:/users/devan/stm32cubeide_1.9.0/stm32cubeide/plugins/com.st.stm32cube.ide.mcu.externaltools.gnu-tools-for-stm32.10.3-2021.10.win32_1.0.0.202111181127/tools/bin/../lib/gcc/arm-none-eabi/10.3.1/thumb/v7e-m+fp/hard/crti.o
LOAD c:/users/devan/stm32cubeide_1.9.0/stm32cubeide/plugins/com.st.stm32cube.ide.mcu.externaltools.gnu-tools-for-stm32.10.3-2021.10.win32_1.0.0.202111181127/tools/bin/../lib/gcc/arm-none-eabi/10.3.1/thumb/v7e-m+fp/hard/crtbegin.o
LOAD c:/users/devan/stm32cubeide_1.9.0/stm32cubeide/plugins/com.st.stm32cube.ide.mcu.externaltools.gnu-tools-for-stm32.10.3-2021.10.win32_1.0.0.202111181127/tools/bin/../lib/gcc/arm-none-eabi/10.3.1/../../../../arm-none-eabi/lib/thumb/v7e-m+fp/hard/crt0.o
LOAD ./Core/Src/main.o
LOAD ./Core/Src/stm32g4xx_hal_msp.o
LOAD ./Core/Src/stm32g4xx_it.o
LOAD ./Core/Src/syscalls.o
LOAD ./Core/Src/sysmem.o
LOAD ./Core/Src/system_stm32g4xx.o
LOAD ./Core/Startup/startup_stm32g474retx.o
LOAD ./Drivers/STM32G4xx_HAL_Driver/Src/stm32g4xx_hal.o
LOAD ./Drivers/STM32G4xx_HAL_Driver/Src/stm32g4xx_hal_cortex.o
LOAD ./Drivers/STM32G4xx_HAL_Driver/Src/stm32g4xx_hal_dma.o
LOAD ./Drivers/STM32G4xx_HAL_Driver/Src/stm32g4xx_hal_dma_ex.o
LOAD ./Drivers/STM32G4xx_HAL_Driver/Src/stm32g4xx_hal_exti.o
LOAD ./Drivers/STM32G4xx_HAL_Driver/Src/stm32g4xx_hal_fdcan.o
LOAD ./Drivers/STM32G4xx_HAL_Driver/Src/stm32g4xx_hal_flash.o
LOAD ./Drivers/STM32G4xx_HAL_Driver/Src/stm32g4xx_hal_flash_ex.o
LOAD ./Drivers/STM32G4xx_HAL_Driver/Src/stm32g4xx_hal_flash_ramfunc.o
LOAD ./Drivers/STM32G4xx_HAL_Driver/Src/stm32g4xx_hal_gpio.o
LOAD ./Drivers/STM32G4xx_HAL_Driver/Src/stm32g4xx_hal_pwr.o
LOAD ./Drivers/STM32G4xx_HAL_Driver/Src/stm32g4xx_hal_pwr_ex.o
LOAD ./Drivers/STM32G4xx_HAL_Driver/Src/stm32g4xx_hal_rcc.o
LOAD ./Drivers/STM32G4xx_HAL_Driver/Src/stm32g4xx_hal_rcc_ex.o
LOAD ./Drivers/STM32G4xx_HAL_Driver/Src/stm32g4xx_hal_tim.o
LOAD ./Drivers/STM32G4xx_HAL_Driver/Src/stm32g4xx_hal_tim_ex.o
START GROUP
LOAD c:/users/devan/stm32cubeide_1.9.0/stm32cubeide/plugins/com.st.stm32cube.ide.mcu.externaltools.gnu-tools-for-stm32.10.3-2021.10.win32_1.0.0.202111181127/tools/bin/../lib/gcc/arm-none-eabi/10.3.1/../../../../arm-none-eabi/lib/thumb/v7e-m+fp/hard\libc_nano.a
LOAD c:/users/devan/stm32cubeide_1.9.0/stm32cubeide/plugins/com.st.stm32cube.ide.mcu.externaltools.gnu-tools-for-stm32.10.3-2021.10.win32_1.0.0.202111181127/tools/bin/../lib/gcc/arm-none-eabi/10.3.1/../../../../arm-none-eabi/lib/thumb/v7e-m+fp/hard\libm.a
END GROUP
START GROUP
LOAD c:/users/devan/stm32cubeide_1.9.0/stm32cubeide/plugins/com.st.stm32cube.ide.mcu.externaltools.gnu-tools-for-stm32.10.3-2021.10.win32_1.0.0.202111181127/tools/bin/../lib/gcc/arm-none-eabi/10.3.1/thumb/v7e-m+fp/hard\libgcc.a
LOAD c:/users/devan/stm32cubeide_1.9.0/stm32cubeide/plugins/com.st.stm32cube.ide.mcu.externaltools.gnu-tools-for-stm32.10.3-2021.10.win32_1.0.0.202111181127/tools/bin/../lib/gcc/arm-none-eabi/10.3.1/../../../../arm-none-eabi/lib/thumb/v7e-m+fp/hard\libc_nano.a
END GROUP
START GROUP
LOAD c:/users/devan/stm32cubeide_1.9.0/stm32cubeide/plugins/com.st.stm32cube.ide.mcu.externaltools.gnu-tools-for-stm32.10.3-2021.10.win32_1.0.0.202111181127/tools/bin/../lib/gcc/arm-none-eabi/10.3.1/thumb/v7e-m+fp/hard\libgcc.a
LOAD c:/users/devan/stm32cubeide_1.9.0/stm32cubeide/plugins/com.st.stm32cube.ide.mcu.externaltools.gnu-tools-for-stm32.10.3-2021.10.win32_1.0.0.202111181127/tools/bin/../lib/gcc/arm-none-eabi/10.3.1/../../../../arm-none-eabi/lib/thumb/v7e-m+fp/hard\libc_nano.a
LOAD c:/users/devan/stm32cubeide_1.9.0/stm32cubeide/plugins/com.st.stm32cube.ide.mcu.externaltools.gnu-tools-for-stm32.10.3-2021.10.win32_1.0.0.202111181127/tools/bin/../lib/gcc/arm-none-eabi/10.3.1/../../../../arm-none-eabi/lib/thumb/v7e-m+fp/hard\libnosys.a
END GROUP
START GROUP
LOAD c:/users/devan/stm32cubeide_1.9.0/stm32cubeide/plugins/com.st.stm32cube.ide.mcu.externaltools.gnu-tools-for-stm32.10.3-2021.10.win32_1.0.0.202111181127/tools/bin/../lib/gcc/arm-none-eabi/10.3.1/thumb/v7e-m+fp/hard\libgcc.a
LOAD c:/users/devan/stm32cubeide_1.9.0/stm32cubeide/plugins/com.st.stm32cube.ide.mcu.externaltools.gnu-tools-for-stm32.10.3-2021.10.win32_1.0.0.202111181127/tools/bin/../lib/gcc/arm-none-eabi/10.3.1/../../../../arm-none-eabi/lib/thumb/v7e-m+fp/hard\libc_nano.a
LOAD c:/users/devan/stm32cubeide_1.9.0/stm32cubeide/plugins/com.st.stm32cube.ide.mcu.externaltools.gnu-tools-for-stm32.10.3-2021.10.win32_1.0.0.202111181127/tools/bin/../lib/gcc/arm-none-eabi/10.3.1/../../../../arm-none-eabi/lib/thumb/v7e-m+fp/hard\libnosys.a
END GROUP
LOAD c:/users/devan/stm32cubeide_1.9.0/stm32cubeide/plugins/com.st.stm32cube.ide.mcu.externaltools.gnu-tools-for-stm32.10.3-2021.10.win32_1.0.0.202111181127/tools/bin/../lib/gcc/arm-none-eabi/10.3.1/thumb/v7e-m+fp/hard/crtend.o
LOAD c:/users/devan/stm32cubeide_1.9.0/stm32cubeide/plugins/com.st.stm32cube.ide.mcu.externaltools.gnu-tools-for-stm32.10.3-2021.10.win32_1.0.0.202111181127/tools/bin/../lib/gcc/arm-none-eabi/10.3.1/thumb/v7e-m+fp/hard/crtn.o
                0x0000000020020000                _estack = (ORIGIN (RAM) + LENGTH (RAM))
                0x0000000000000200                _Min_Heap_Size = 0x200
                0x0000000000000400                _Min_Stack_Size = 0x400

.isr_vector     0x0000000008000000      0x1d8
                0x0000000008000000                . = ALIGN (0x4)
 *(.isr_vector)
 .isr_vector    0x0000000008000000      0x1d8 ./Core/Startup/startup_stm32g474retx.o
                0x0000000008000000                g_pfnVectors
                0x00000000080001d8                . = ALIGN (0x4)

.text           0x00000000080001d8     0x2438
                0x00000000080001d8                . = ALIGN (0x4)
 *(.text)
 .text          0x00000000080001d8       0x40 c:/users/devan/stm32cubeide_1.9.0/stm32cubeide/plugins/com.st.stm32cube.ide.mcu.externaltools.gnu-tools-for-stm32.10.3-2021.10.win32_1.0.0.202111181127/tools/bin/../lib/gcc/arm-none-eabi/10.3.1/thumb/v7e-m+fp/hard/crtbegin.o
 *(.text*)
 .text.main     0x0000000008000218       0x78 ./Core/Src/main.o
                0x0000000008000218                main
 .text.SystemClock_Config
                0x0000000008000290       0x96 ./Core/Src/main.o
                0x0000000008000290                SystemClock_Config
 *fill*         0x0000000008000326        0x2 
 .text.MX_FDCAN1_Init
                0x0000000008000328       0x8c ./Core/Src/main.o
 .text.MX_GPIO_Init
                0x00000000080003b4       0x30 ./Core/Src/main.o
 .text.Error_Handler
                0x00000000080003e4        0xa ./Core/Src/main.o
                0x00000000080003e4                Error_Handler
 *fill*         0x00000000080003ee        0x2 
 .text.HAL_MspInit
                0x00000000080003f0       0x48 ./Core/Src/stm32g4xx_hal_msp.o
                0x00000000080003f0                HAL_MspInit
 .text.HAL_FDCAN_MspInit
                0x0000000008000438       0xc4 ./Core/Src/stm32g4xx_hal_msp.o
                0x0000000008000438                HAL_FDCAN_MspInit
 .text.NMI_Handler
                0x00000000080004fc        0x6 ./Core/Src/stm32g4xx_it.o
                0x00000000080004fc                NMI_Handler
 .text.HardFault_Handler
                0x0000000008000502        0x6 ./Core/Src/stm32g4xx_it.o
                0x0000000008000502                HardFault_Handler
 .text.MemManage_Handler
                0x0000000008000508        0x6 ./Core/Src/stm32g4xx_it.o
                0x0000000008000508                MemManage_Handler
 .text.BusFault_Handler
                0x000000000800050e        0x6 ./Core/Src/stm32g4xx_it.o
                0x000000000800050e                BusFault_Handler
 .text.UsageFault_Handler
                0x0000000008000514        0x6 ./Core/Src/stm32g4xx_it.o
                0x0000000008000514                UsageFault_Handler
 .text.SVC_Handler
                0x000000000800051a        0xe ./Core/Src/stm32g4xx_it.o
                0x000000000800051a                SVC_Handler
 .text.DebugMon_Handler
                0x0000000008000528        0xe ./Core/Src/stm32g4xx_it.o
                0x0000000008000528                DebugMon_Handler
 .text.PendSV_Handler
                0x0000000008000536        0xe ./Core/Src/stm32g4xx_it.o
                0x0000000008000536                PendSV_Handler
 .text.SysTick_Handler
                0x0000000008000544        0xc ./Core/Src/stm32g4xx_it.o
                0x0000000008000544                SysTick_Handler
 .text.FDCAN1_IT0_IRQHandler
                0x0000000008000550       0x14 ./Core/Src/stm32g4xx_it.o
                0x0000000008000550                FDCAN1_IT0_IRQHandler
 .text.SystemInit
                0x0000000008000564       0x24 ./Core/Src/system_stm32g4xx.o
                0x0000000008000564                SystemInit
 .text.Reset_Handler
                0x0000000008000588       0x50 ./Core/Startup/startup_stm32g474retx.o
                0x0000000008000588                Reset_Handler
 .text.Default_Handler
                0x00000000080005d8        0x2 ./Core/Startup/startup_stm32g474retx.o
                0x00000000080005d8                RTC_Alarm_IRQHandler
                0x00000000080005d8                EXTI2_IRQHandler
                0x00000000080005d8                TIM8_TRG_COM_IRQHandler
                0x00000000080005d8                TIM8_CC_IRQHandler
                0x00000000080005d8                HRTIM1_Master_IRQHandler
                0x00000000080005d8                SPI4_IRQHandler
                0x00000000080005d8                FDCAN3_IT0_IRQHandler
                0x00000000080005d8                TIM1_CC_IRQHandler
                0x00000000080005d8                HRTIM1_FLT_IRQHandler
                0x00000000080005d8                HRTIM1_TIMF_IRQHandler
                0x00000000080005d8                USB_HP_IRQHandler
                0x00000000080005d8                CORDIC_IRQHandler
                0x00000000080005d8                HRTIM1_TIMD_IRQHandler
                0x00000000080005d8                DMA2_Channel8_IRQHandler
                0x00000000080005d8                EXTI3_IRQHandler
                0x00000000080005d8                I2C3_ER_IRQHandler
                0x00000000080005d8                EXTI0_IRQHandler
                0x00000000080005d8                I2C2_EV_IRQHandler
                0x00000000080005d8                FPU_IRQHandler
                0x00000000080005d8                FDCAN1_IT1_IRQHandler
                0x00000000080005d8                TIM1_UP_TIM16_IRQHandler
                0x00000000080005d8                ADC1_2_IRQHandler
                0x00000000080005d8                HRTIM1_TIME_IRQHandler
                0x00000000080005d8                SPI1_IRQHandler
                0x00000000080005d8                TIM6_DAC_IRQHandler
                0x00000000080005d8                HRTIM1_TIMC_IRQHandler
                0x00000000080005d8                TIM8_UP_IRQHandler
                0x00000000080005d8                DMA2_Channel2_IRQHandler
                0x00000000080005d8                DMA1_Channel4_IRQHandler
                0x00000000080005d8                TIM20_TRG_COM_IRQHandler
                0x00000000080005d8                USART3_IRQHandler
                0x00000000080005d8                DMA1_Channel7_IRQHandler
                0x00000000080005d8                UART5_IRQHandler
                0x00000000080005d8                ADC3_IRQHandler
                0x00000000080005d8                TIM4_IRQHandler
                0x00000000080005d8                DMA2_Channel1_IRQHandler
                0x00000000080005d8                QUADSPI_IRQHandler
                0x00000000080005d8                I2C1_EV_IRQHandler
                0x00000000080005d8                DMA1_Channel6_IRQHandler
                0x00000000080005d8                UART4_IRQHandler
                0x00000000080005d8                DMA2_Channel4_IRQHandler
                0x00000000080005d8                TIM3_IRQHandler
                0x00000000080005d8                RCC_IRQHandler
                0x00000000080005d8                TIM20_UP_IRQHandler
                0x00000000080005d8                DMA1_Channel1_IRQHandler
                0x00000000080005d8                Default_Handler
                0x00000000080005d8                DMA2_Channel7_IRQHandler
                0x00000000080005d8                RTC_TAMP_LSECSS_IRQHandler
                0x00000000080005d8                FMAC_IRQHandler
                0x00000000080005d8                EXTI15_10_IRQHandler
                0x00000000080005d8                DMA1_Channel8_IRQHandler
                0x00000000080005d8                HRTIM1_TIMA_IRQHandler
                0x00000000080005d8                TIM7_DAC_IRQHandler
                0x00000000080005d8                FDCAN3_IT1_IRQHandler
                0x00000000080005d8                TIM5_IRQHandler
                0x00000000080005d8                UCPD1_IRQHandler
                0x00000000080005d8                I2C3_EV_IRQHandler
                0x00000000080005d8                EXTI9_5_IRQHandler
                0x00000000080005d8                RTC_WKUP_IRQHandler
                0x00000000080005d8                PVD_PVM_IRQHandler
                0x00000000080005d8                SPI2_IRQHandler
                0x00000000080005d8                ADC5_IRQHandler
                0x00000000080005d8                DMA2_Channel5_IRQHandler
                0x00000000080005d8                CRS_IRQHandler
                0x00000000080005d8                DMA1_Channel5_IRQHandler
                0x00000000080005d8                USB_LP_IRQHandler
                0x00000000080005d8                EXTI4_IRQHandler
                0x00000000080005d8                RNG_IRQHandler
                0x00000000080005d8                HRTIM1_TIMB_IRQHandler
                0x00000000080005d8                TIM1_TRG_COM_TIM17_IRQHandler
                0x00000000080005d8                FDCAN2_IT1_IRQHandler
                0x00000000080005d8                DMA1_Channel3_IRQHandler
                0x00000000080005d8                ADC4_IRQHandler
                0x00000000080005d8                WWDG_IRQHandler
                0x00000000080005d8                I2C4_EV_IRQHandler
                0x00000000080005d8                FDCAN2_IT0_IRQHandler
                0x00000000080005d8                LPUART1_IRQHandler
                0x00000000080005d8                DMA2_Channel6_IRQHandler
                0x00000000080005d8                TIM2_IRQHandler
                0x00000000080005d8                COMP7_IRQHandler
                0x00000000080005d8                COMP1_2_3_IRQHandler
                0x00000000080005d8                EXTI1_IRQHandler
                0x00000000080005d8                USART2_IRQHandler
                0x00000000080005d8                COMP4_5_6_IRQHandler
                0x00000000080005d8                TIM20_BRK_IRQHandler
                0x00000000080005d8                I2C2_ER_IRQHandler
                0x00000000080005d8                DMA1_Channel2_IRQHandler
                0x00000000080005d8                TIM8_BRK_IRQHandler
                0x00000000080005d8                FLASH_IRQHandler
                0x00000000080005d8                TIM20_CC_IRQHandler
                0x00000000080005d8                USART1_IRQHandler
                0x00000000080005d8                SPI3_IRQHandler
                0x00000000080005d8                I2C1_ER_IRQHandler
                0x00000000080005d8                FMC_IRQHandler
                0x00000000080005d8                LPTIM1_IRQHandler
                0x00000000080005d8                DMAMUX_OVR_IRQHandler
                0x00000000080005d8                I2C4_ER_IRQHandler
                0x00000000080005d8                USBWakeUp_IRQHandler
                0x00000000080005d8                SAI1_IRQHandler
                0x00000000080005d8                DMA2_Channel3_IRQHandler
                0x00000000080005d8                TIM1_BRK_TIM15_IRQHandler
 .text.HAL_Init
                0x00000000080005da       0x30 ./Drivers/STM32G4xx_HAL_Driver/Src/stm32g4xx_hal.o
                0x00000000080005da                HAL_Init
 *fill*         0x000000000800060a        0x2 
 .text.HAL_InitTick
                0x000000000800060c       0x74 ./Drivers/STM32G4xx_HAL_Driver/Src/stm32g4xx_hal.o
                0x000000000800060c                HAL_InitTick
 .text.HAL_IncTick
                0x0000000008000680       0x24 ./Drivers/STM32G4xx_HAL_Driver/Src/stm32g4xx_hal.o
                0x0000000008000680                HAL_IncTick
 .text.HAL_GetTick
                0x00000000080006a4       0x18 ./Drivers/STM32G4xx_HAL_Driver/Src/stm32g4xx_hal.o
                0x00000000080006a4                HAL_GetTick
 .text.__NVIC_SetPriorityGrouping
                0x00000000080006bc       0x48 ./Drivers/STM32G4xx_HAL_Driver/Src/stm32g4xx_hal_cortex.o
 .text.__NVIC_GetPriorityGrouping
                0x0000000008000704       0x1c ./Drivers/STM32G4xx_HAL_Driver/Src/stm32g4xx_hal_cortex.o
 .text.__NVIC_EnableIRQ
                0x0000000008000720       0x3c ./Drivers/STM32G4xx_HAL_Driver/Src/stm32g4xx_hal_cortex.o
 .text.__NVIC_SetPriority
                0x000000000800075c       0x54 ./Drivers/STM32G4xx_HAL_Driver/Src/stm32g4xx_hal_cortex.o
 .text.NVIC_EncodePriority
                0x00000000080007b0       0x66 ./Drivers/STM32G4xx_HAL_Driver/Src/stm32g4xx_hal_cortex.o
 *fill*         0x0000000008000816        0x2 
 .text.SysTick_Config
                0x0000000008000818       0x44 ./Drivers/STM32G4xx_HAL_Driver/Src/stm32g4xx_hal_cortex.o
 .text.HAL_NVIC_SetPriorityGrouping
                0x000000000800085c       0x16 ./Drivers/STM32G4xx_HAL_Driver/Src/stm32g4xx_hal_cortex.o
                0x000000000800085c                HAL_NVIC_SetPriorityGrouping
 .text.HAL_NVIC_SetPriority
                0x0000000008000872       0x34 ./Drivers/STM32G4xx_HAL_Driver/Src/stm32g4xx_hal_cortex.o
                0x0000000008000872                HAL_NVIC_SetPriority
 .text.HAL_NVIC_EnableIRQ
                0x00000000080008a6       0x1c ./Drivers/STM32G4xx_HAL_Driver/Src/stm32g4xx_hal_cortex.o
                0x00000000080008a6                HAL_NVIC_EnableIRQ
 .text.HAL_SYSTICK_Config
                0x00000000080008c2       0x18 ./Drivers/STM32G4xx_HAL_Driver/Src/stm32g4xx_hal_cortex.o
                0x00000000080008c2                HAL_SYSTICK_Config
 *fill*         0x00000000080008da        0x2 
 .text.HAL_FDCAN_Init
                0x00000000080008dc      0x2b4 ./Drivers/STM32G4xx_HAL_Driver/Src/stm32g4xx_hal_fdcan.o
                0x00000000080008dc                HAL_FDCAN_Init
 .text.HAL_FDCAN_ConfigFilter
                0x0000000008000b90       0xb4 ./Drivers/STM32G4xx_HAL_Driver/Src/stm32g4xx_hal_fdcan.o
                0x0000000008000b90                HAL_FDCAN_ConfigFilter
 .text.HAL_FDCAN_Start
                0x0000000008000c44       0x50 ./Drivers/STM32G4xx_HAL_Driver/Src/stm32g4xx_hal_fdcan.o
                0x0000000008000c44                HAL_FDCAN_Start
 .text.HAL_FDCAN_GetRxMessage
                0x0000000008000c94      0x210 ./Drivers/STM32G4xx_HAL_Driver/Src/stm32g4xx_hal_fdcan.o
                0x0000000008000c94                HAL_FDCAN_GetRxMessage
 .text.HAL_FDCAN_IRQHandler
                0x0000000008000ea4      0x266 ./Drivers/STM32G4xx_HAL_Driver/Src/stm32g4xx_hal_fdcan.o
                0x0000000008000ea4                HAL_FDCAN_IRQHandler
 .text.HAL_FDCAN_TxEventFifoCallback
                0x000000000800110a       0x16 ./Drivers/STM32G4xx_HAL_Driver/Src/stm32g4xx_hal_fdcan.o
                0x000000000800110a                HAL_FDCAN_TxEventFifoCallback
 .text.HAL_FDCAN_RxFifo0Callback
                0x0000000008001120       0x16 ./Drivers/STM32G4xx_HAL_Driver/Src/stm32g4xx_hal_fdcan.o
                0x0000000008001120                HAL_FDCAN_RxFifo0Callback
 .text.HAL_FDCAN_RxFifo1Callback
                0x0000000008001136       0x16 ./Drivers/STM32G4xx_HAL_Driver/Src/stm32g4xx_hal_fdcan.o
                0x0000000008001136                HAL_FDCAN_RxFifo1Callback
 .text.HAL_FDCAN_TxFifoEmptyCallback
                0x000000000800114c       0x14 ./Drivers/STM32G4xx_HAL_Driver/Src/stm32g4xx_hal_fdcan.o
                0x000000000800114c                HAL_FDCAN_TxFifoEmptyCallback
 .text.HAL_FDCAN_TxBufferCompleteCallback
                0x0000000008001160       0x16 ./Drivers/STM32G4xx_HAL_Driver/Src/stm32g4xx_hal_fdcan.o
                0x0000000008001160                HAL_FDCAN_TxBufferCompleteCallback
 .text.HAL_FDCAN_TxBufferAbortCallback
                0x0000000008001176       0x16 ./Drivers/STM32G4xx_HAL_Driver/Src/stm32g4xx_hal_fdcan.o
                0x0000000008001176                HAL_FDCAN_TxBufferAbortCallback
 .text.HAL_FDCAN_TimestampWraparoundCallback
                0x000000000800118c       0x14 ./Drivers/STM32G4xx_HAL_Driver/Src/stm32g4xx_hal_fdcan.o
                0x000000000800118c                HAL_FDCAN_TimestampWraparoundCallback
 .text.HAL_FDCAN_TimeoutOccurredCallback
                0x00000000080011a0       0x14 ./Drivers/STM32G4xx_HAL_Driver/Src/stm32g4xx_hal_fdcan.o
                0x00000000080011a0                HAL_FDCAN_TimeoutOccurredCallback
 .text.HAL_FDCAN_HighPriorityMessageCallback
                0x00000000080011b4       0x14 ./Drivers/STM32G4xx_HAL_Driver/Src/stm32g4xx_hal_fdcan.o
                0x00000000080011b4                HAL_FDCAN_HighPriorityMessageCallback
 .text.HAL_FDCAN_ErrorCallback
                0x00000000080011c8       0x14 ./Drivers/STM32G4xx_HAL_Driver/Src/stm32g4xx_hal_fdcan.o
                0x00000000080011c8                HAL_FDCAN_ErrorCallback
 .text.HAL_FDCAN_ErrorStatusCallback
                0x00000000080011dc       0x16 ./Drivers/STM32G4xx_HAL_Driver/Src/stm32g4xx_hal_fdcan.o
                0x00000000080011dc                HAL_FDCAN_ErrorStatusCallback
 *fill*         0x00000000080011f2        0x2 
 .text.FDCAN_CalcultateRamBlockAddresses
                0x00000000080011f4       0xd8 ./Drivers/STM32G4xx_HAL_Driver/Src/stm32g4xx_hal_fdcan.o
 .text.HAL_GPIO_Init
                0x00000000080012cc      0x304 ./Drivers/STM32G4xx_HAL_Driver/Src/stm32g4xx_hal_gpio.o
                0x00000000080012cc                HAL_GPIO_Init
 .text.HAL_PWREx_ControlVoltageScaling
                0x00000000080015d0      0x148 ./Drivers/STM32G4xx_HAL_Driver/Src/stm32g4xx_hal_pwr_ex.o
                0x00000000080015d0                HAL_PWREx_ControlVoltageScaling
 .text.HAL_RCC_OscConfig
                0x0000000008001718      0x624 ./Drivers/STM32G4xx_HAL_Driver/Src/stm32g4xx_hal_rcc.o
                0x0000000008001718                HAL_RCC_OscConfig
 .text.HAL_RCC_ClockConfig
                0x0000000008001d3c      0x278 ./Drivers/STM32G4xx_HAL_Driver/Src/stm32g4xx_hal_rcc.o
                0x0000000008001d3c                HAL_RCC_ClockConfig
 .text.HAL_RCC_GetSysClockFreq
                0x0000000008001fb4       0xc4 ./Drivers/STM32G4xx_HAL_Driver/Src/stm32g4xx_hal_rcc.o
                0x0000000008001fb4                HAL_RCC_GetSysClockFreq
 .text.RCC_GetSysClockFreqFromPLLSource
                0x0000000008002078       0x8c ./Drivers/STM32G4xx_HAL_Driver/Src/stm32g4xx_hal_rcc.o
 .text.HAL_RCCEx_PeriphCLKConfig
                0x0000000008002104      0x49c ./Drivers/STM32G4xx_HAL_Driver/Src/stm32g4xx_hal_rcc_ex.o
                0x0000000008002104                HAL_RCCEx_PeriphCLKConfig
 .text.__libc_init_array
                0x00000000080025a0       0x48 c:/users/devan/stm32cubeide_1.9.0/stm32cubeide/plugins/com.st.stm32cube.ide.mcu.externaltools.gnu-tools-for-stm32.10.3-2021.10.win32_1.0.0.202111181127/tools/bin/../lib/gcc/arm-none-eabi/10.3.1/../../../../arm-none-eabi/lib/thumb/v7e-m+fp/hard\libc_nano.a(lib_a-init.o)
                0x00000000080025a0                __libc_init_array
 .text.memset   0x00000000080025e8       0x10 c:/users/devan/stm32cubeide_1.9.0/stm32cubeide/plugins/com.st.stm32cube.ide.mcu.externaltools.gnu-tools-for-stm32.10.3-2021.10.win32_1.0.0.202111181127/tools/bin/../lib/gcc/arm-none-eabi/10.3.1/../../../../arm-none-eabi/lib/thumb/v7e-m+fp/hard\libc_nano.a(lib_a-memset.o)
                0x00000000080025e8                memset
 *(.glue_7)
 .glue_7        0x00000000080025f8        0x0 linker stubs
 *(.glue_7t)
 .glue_7t       0x00000000080025f8        0x0 linker stubs
 *(.eh_frame)
 .eh_frame      0x00000000080025f8        0x0 c:/users/devan/stm32cubeide_1.9.0/stm32cubeide/plugins/com.st.stm32cube.ide.mcu.externaltools.gnu-tools-for-stm32.10.3-2021.10.win32_1.0.0.202111181127/tools/bin/../lib/gcc/arm-none-eabi/10.3.1/thumb/v7e-m+fp/hard/crtbegin.o
 *(.init)
 .init          0x00000000080025f8        0x4 c:/users/devan/stm32cubeide_1.9.0/stm32cubeide/plugins/com.st.stm32cube.ide.mcu.externaltools.gnu-tools-for-stm32.10.3-2021.10.win32_1.0.0.202111181127/tools/bin/../lib/gcc/arm-none-eabi/10.3.1/thumb/v7e-m+fp/hard/crti.o
                0x00000000080025f8                _init
 .init          0x00000000080025fc        0x8 c:/users/devan/stm32cubeide_1.9.0/stm32cubeide/plugins/com.st.stm32cube.ide.mcu.externaltools.gnu-tools-for-stm32.10.3-2021.10.win32_1.0.0.202111181127/tools/bin/../lib/gcc/arm-none-eabi/10.3.1/thumb/v7e-m+fp/hard/crtn.o
 *(.fini)
 .fini          0x0000000008002604        0x4 c:/users/devan/stm32cubeide_1.9.0/stm32cubeide/plugins/com.st.stm32cube.ide.mcu.externaltools.gnu-tools-for-stm32.10.3-2021.10.win32_1.0.0.202111181127/tools/bin/../lib/gcc/arm-none-eabi/10.3.1/thumb/v7e-m+fp/hard/crti.o
                0x0000000008002604                _fini
 .fini          0x0000000008002608        0x8 c:/users/devan/stm32cubeide_1.9.0/stm32cubeide/plugins/com.st.stm32cube.ide.mcu.externaltools.gnu-tools-for-stm32.10.3-2021.10.win32_1.0.0.202111181127/tools/bin/../lib/gcc/arm-none-eabi/10.3.1/thumb/v7e-m+fp/hard/crtn.o
                0x0000000008002610                . = ALIGN (0x4)
                0x0000000008002610                _etext = .

.vfp11_veneer   0x0000000008002610        0x0
 .vfp11_veneer  0x0000000008002610        0x0 linker stubs

.v4_bx          0x0000000008002610        0x0
 .v4_bx         0x0000000008002610        0x0 linker stubs

.iplt           0x0000000008002610        0x0
 .iplt          0x0000000008002610        0x0 c:/users/devan/stm32cubeide_1.9.0/stm32cubeide/plugins/com.st.stm32cube.ide.mcu.externaltools.gnu-tools-for-stm32.10.3-2021.10.win32_1.0.0.202111181127/tools/bin/../lib/gcc/arm-none-eabi/10.3.1/thumb/v7e-m+fp/hard/crtbegin.o

.rodata         0x0000000008002610       0x20
                0x0000000008002610                . = ALIGN (0x4)
 *(.rodata)
 *(.rodata*)
 .rodata.AHBPrescTable
                0x0000000008002610       0x10 ./Core/Src/system_stm32g4xx.o
                0x0000000008002610                AHBPrescTable
 .rodata.DLCtoBytes
                0x0000000008002620       0x10 ./Drivers/STM32G4xx_HAL_Driver/Src/stm32g4xx_hal_fdcan.o
                0x0000000008002630                . = ALIGN (0x4)

.rel.dyn        0x0000000008002630        0x0
 .rel.iplt      0x0000000008002630        0x0 c:/users/devan/stm32cubeide_1.9.0/stm32cubeide/plugins/com.st.stm32cube.ide.mcu.externaltools.gnu-tools-for-stm32.10.3-2021.10.win32_1.0.0.202111181127/tools/bin/../lib/gcc/arm-none-eabi/10.3.1/thumb/v7e-m+fp/hard/crtbegin.o

.ARM.extab      0x0000000008002630        0x0
                0x0000000008002630                . = ALIGN (0x4)
 *(.ARM.extab* .gnu.linkonce.armextab.*)
                0x0000000008002630                . = ALIGN (0x4)

.ARM            0x0000000008002630        0x0
                0x0000000008002630                . = ALIGN (0x4)
                0x0000000008002630                __exidx_start = .
 *(.ARM.exidx*)
                0x0000000008002630                __exidx_end = .
                0x0000000008002630                . = ALIGN (0x4)

.preinit_array  0x0000000008002630        0x0
                0x0000000008002630                . = ALIGN (0x4)
                0x0000000008002630                PROVIDE (__preinit_array_start = .)
 *(.preinit_array*)
                0x0000000008002630                PROVIDE (__preinit_array_end = .)
                0x0000000008002630                . = ALIGN (0x4)

.init_array     0x0000000008002630        0x4
                0x0000000008002630                . = ALIGN (0x4)
                0x0000000008002630                PROVIDE (__init_array_start = .)
 *(SORT_BY_NAME(.init_array.*))
 *(.init_array*)
 .init_array    0x0000000008002630        0x4 c:/users/devan/stm32cubeide_1.9.0/stm32cubeide/plugins/com.st.stm32cube.ide.mcu.externaltools.gnu-tools-for-stm32.10.3-2021.10.win32_1.0.0.202111181127/tools/bin/../lib/gcc/arm-none-eabi/10.3.1/thumb/v7e-m+fp/hard/crtbegin.o
                0x0000000008002634                PROVIDE (__init_array_end = .)
                0x0000000008002634                . = ALIGN (0x4)

.fini_array     0x0000000008002634        0x4
                0x0000000008002634                . = ALIGN (0x4)
                [!provide]                        PROVIDE (__fini_array_start = .)
 *(SORT_BY_NAME(.fini_array.*))
 *(.fini_array*)
 .fini_array    0x0000000008002634        0x4 c:/users/devan/stm32cubeide_1.9.0/stm32cubeide/plugins/com.st.stm32cube.ide.mcu.externaltools.gnu-tools-for-stm32.10.3-2021.10.win32_1.0.0.202111181127/tools/bin/../lib/gcc/arm-none-eabi/10.3.1/thumb/v7e-m+fp/hard/crtbegin.o
                [!provide]                        PROVIDE (__fini_array_end = .)
                0x0000000008002638                . = ALIGN (0x4)
                0x0000000008002638                _sidata = LOADADDR (.data)

.data           0x0000000020000000        0xc load address 0x0000000008002638
                0x0000000020000000                . = ALIGN (0x4)
                0x0000000020000000                _sdata = .
 *(.data)
 *(.data*)
 .data.SystemCoreClock
                0x0000000020000000        0x4 ./Core/Src/system_stm32g4xx.o
                0x0000000020000000                SystemCoreClock
 .data.uwTickPrio
                0x0000000020000004        0x4 ./Drivers/STM32G4xx_HAL_Driver/Src/stm32g4xx_hal.o
                0x0000000020000004                uwTickPrio
 .data.uwTickFreq
                0x0000000020000008        0x4 ./Drivers/STM32G4xx_HAL_Driver/Src/stm32g4xx_hal.o
                0x0000000020000008                uwTickFreq
 *(.RamFunc)
 *(.RamFunc*)
                0x000000002000000c                . = ALIGN (0x4)
                0x000000002000000c                _edata = .

.igot.plt       0x000000002000000c        0x0 load address 0x0000000008002644
 .igot.plt      0x000000002000000c        0x0 c:/users/devan/stm32cubeide_1.9.0/stm32cubeide/plugins/com.st.stm32cube.ide.mcu.externaltools.gnu-tools-for-stm32.10.3-2021.10.win32_1.0.0.202111181127/tools/bin/../lib/gcc/arm-none-eabi/10.3.1/thumb/v7e-m+fp/hard/crtbegin.o
                0x000000002000000c                . = ALIGN (0x4)

.bss            0x000000002000000c       0xb8 load address 0x0000000008002644
                0x000000002000000c                _sbss = .
                0x000000002000000c                __bss_start__ = _sbss
 *(.bss)
 .bss           0x000000002000000c       0x1c c:/users/devan/stm32cubeide_1.9.0/stm32cubeide/plugins/com.st.stm32cube.ide.mcu.externaltools.gnu-tools-for-stm32.10.3-2021.10.win32_1.0.0.202111181127/tools/bin/../lib/gcc/arm-none-eabi/10.3.1/thumb/v7e-m+fp/hard/crtbegin.o
 *(.bss*)
 .bss.hfdcan1   0x0000000020000028       0x64 ./Core/Src/main.o
                0x0000000020000028                hfdcan1
 .bss.RxHeader  0x000000002000008c       0x28 ./Core/Src/main.o
                0x000000002000008c                RxHeader
 .bss.RxData    0x00000000200000b4        0x8 ./Core/Src/main.o
                0x00000000200000b4                RxData
 .bss.rxStatus  0x00000000200000bc        0x1 ./Core/Src/main.o
                0x00000000200000bc                rxStatus
 .bss.messageReceived
                0x00000000200000bd        0x1 ./Core/Src/main.o
                0x00000000200000bd                messageReceived
 *fill*         0x00000000200000be        0x2 
 .bss.uwTick    0x00000000200000c0        0x4 ./Drivers/STM32G4xx_HAL_Driver/Src/stm32g4xx_hal.o
                0x00000000200000c0                uwTick
 *(COMMON)
                0x00000000200000c4                . = ALIGN (0x4)
                0x00000000200000c4                _ebss = .
                0x00000000200000c4                __bss_end__ = _ebss

._user_heap_stack
                0x00000000200000c4      0x604 load address 0x0000000008002644
                0x00000000200000c8                . = ALIGN (0x8)
 *fill*         0x00000000200000c4        0x4 
                [!provide]                        PROVIDE (end = .)
                0x00000000200000c8                PROVIDE (_end = .)
                0x00000000200002c8                . = (. + _Min_Heap_Size)
 *fill*         0x00000000200000c8      0x200 
                0x00000000200006c8                . = (. + _Min_Stack_Size)
 *fill*         0x00000000200002c8      0x400 
                0x00000000200006c8                . = ALIGN (0x8)

/DISCARD/
 libc.a(*)
 libm.a(*)
 libgcc.a(*)

.ARM.attributes
                0x0000000000000000       0x30
 *(.ARM.attributes)
 .ARM.attributes
                0x0000000000000000       0x1e c:/users/devan/stm32cubeide_1.9.0/stm32cubeide/plugins/com.st.stm32cube.ide.mcu.externaltools.gnu-tools-for-stm32.10.3-2021.10.win32_1.0.0.202111181127/tools/bin/../lib/gcc/arm-none-eabi/10.3.1/thumb/v7e-m+fp/hard/crti.o
 .ARM.attributes
                0x000000000000001e       0x34 c:/users/devan/stm32cubeide_1.9.0/stm32cubeide/plugins/com.st.stm32cube.ide.mcu.externaltools.gnu-tools-for-stm32.10.3-2021.10.win32_1.0.0.202111181127/tools/bin/../lib/gcc/arm-none-eabi/10.3.1/thumb/v7e-m+fp/hard/crtbegin.o
 .ARM.attributes
                0x0000000000000052       0x34 ./Core/Src/main.o
 .ARM.attributes
                0x0000000000000086       0x34 ./Core/Src/stm32g4xx_hal_msp.o
 .ARM.attributes
                0x00000000000000ba       0x34 ./Core/Src/stm32g4xx_it.o
 .ARM.attributes
                0x00000000000000ee       0x34 ./Core/Src/system_stm32g4xx.o
 .ARM.attributes
                0x0000000000000122       0x21 ./Core/Startup/startup_stm32g474retx.o
 .ARM.attributes
                0x0000000000000143       0x34 ./Drivers/STM32G4xx_HAL_Driver/Src/stm32g4xx_hal.o
 .ARM.attributes
                0x0000000000000177       0x34 ./Drivers/STM32G4xx_HAL_Driver/Src/stm32g4xx_hal_cortex.o
 .ARM.attributes
                0x00000000000001ab       0x34 ./Drivers/STM32G4xx_HAL_Driver/Src/stm32g4xx_hal_fdcan.o
 .ARM.attributes
                0x00000000000001df       0x34 ./Drivers/STM32G4xx_HAL_Driver/Src/stm32g4xx_hal_gpio.o
 .ARM.attributes
                0x0000000000000213       0x34 ./Drivers/STM32G4xx_HAL_Driver/Src/stm32g4xx_hal_pwr_ex.o
 .ARM.attributes
                0x0000000000000247       0x34 ./Drivers/STM32G4xx_HAL_Driver/Src/stm32g4xx_hal_rcc.o
 .ARM.attributes
                0x000000000000027b       0x34 ./Drivers/STM32G4xx_HAL_Driver/Src/stm32g4xx_hal_rcc_ex.o
 .ARM.attributes
                0x00000000000002af       0x34 c:/users/devan/stm32cubeide_1.9.0/stm32cubeide/plugins/com.st.stm32cube.ide.mcu.externaltools.gnu-tools-for-stm32.10.3-2021.10.win32_1.0.0.202111181127/tools/bin/../lib/gcc/arm-none-eabi/10.3.1/../../../../arm-none-eabi/lib/thumb/v7e-m+fp/hard\libc_nano.a(lib_a-init.o)
 .ARM.attributes
                0x00000000000002e3       0x34 c:/users/devan/stm32cubeide_1.9.0/stm32cubeide/plugins/com.st.stm32cube.ide.mcu.externaltools.gnu-tools-for-stm32.10.3-2021.10.win32_1.0.0.202111181127/tools/bin/../lib/gcc/arm-none-eabi/10.3.1/../../../../arm-none-eabi/lib/thumb/v7e-m+fp/hard\libc_nano.a(lib_a-memset.o)
 .ARM.attributes
                0x0000000000000317       0x1e c:/users/devan/stm32cubeide_1.9.0/stm32cubeide/plugins/com.st.stm32cube.ide.mcu.externaltools.gnu-tools-for-stm32.10.3-2021.10.win32_1.0.0.202111181127/tools/bin/../lib/gcc/arm-none-eabi/10.3.1/thumb/v7e-m+fp/hard/crtn.o
OUTPUT(Node_B_RX.elf elf32-littlearm)
LOAD linker stubs
LOAD c:/users/devan/stm32cubeide_1.9.0/stm32cubeide/plugins/com.st.stm32cube.ide.mcu.externaltools.gnu-tools-for-stm32.10.3-2021.10.win32_1.0.0.202111181127/tools/bin/../lib/gcc/arm-none-eabi/10.3.1/../../../../arm-none-eabi/lib/thumb/v7e-m+fp/hard\libc.a
LOAD c:/users/devan/stm32cubeide_1.9.0/stm32cubeide/plugins/com.st.stm32cube.ide.mcu.externaltools.gnu-tools-for-stm32.10.3-2021.10.win32_1.0.0.202111181127/tools/bin/../lib/gcc/arm-none-eabi/10.3.1/../../../../arm-none-eabi/lib/thumb/v7e-m+fp/hard\libm.a
LOAD c:/users/devan/stm32cubeide_1.9.0/stm32cubeide/plugins/com.st.stm32cube.ide.mcu.externaltools.gnu-tools-for-stm32.10.3-2021.10.win32_1.0.0.202111181127/tools/bin/../lib/gcc/arm-none-eabi/10.3.1/thumb/v7e-m+fp/hard\libgcc.a

.debug_info     0x0000000000000000     0x8707
 .debug_info    0x0000000000000000      0xc78 ./Core/Src/main.o
 .debug_info    0x0000000000000c78      0xe9f ./Core/Src/stm32g4xx_hal_msp.o
 .debug_info    0x0000000000001b17      0x65a ./Core/Src/stm32g4xx_it.o
 .debug_info    0x0000000000002171      0x59f ./Core/Src/system_stm32g4xx.o
 .debug_info    0x0000000000002710       0x22 ./Core/Startup/startup_stm32g474retx.o
 .debug_info    0x0000000000002732      0xbe2 ./Drivers/STM32G4xx_HAL_Driver/Src/stm32g4xx_hal.o
 .debug_info    0x0000000000003314      0xe7e ./Drivers/STM32G4xx_HAL_Driver/Src/stm32g4xx_hal_cortex.o
 .debug_info    0x0000000000004192     0x19da ./Drivers/STM32G4xx_HAL_Driver/Src/stm32g4xx_hal_fdcan.o
 .debug_info    0x0000000000005b6c      0x82f ./Drivers/STM32G4xx_HAL_Driver/Src/stm32g4xx_hal_gpio.o
 .debug_info    0x000000000000639b      0x983 ./Drivers/STM32G4xx_HAL_Driver/Src/stm32g4xx_hal_pwr_ex.o
 .debug_info    0x0000000000006d1e      0xcb7 ./Drivers/STM32G4xx_HAL_Driver/Src/stm32g4xx_hal_rcc.o
 .debug_info    0x00000000000079d5      0xd32 ./Drivers/STM32G4xx_HAL_Driver/Src/stm32g4xx_hal_rcc_ex.o

.debug_abbrev   0x0000000000000000     0x1654
 .debug_abbrev  0x0000000000000000      0x1fc ./Core/Src/main.o
 .debug_abbrev  0x00000000000001fc      0x1a6 ./Core/Src/stm32g4xx_hal_msp.o
 .debug_abbrev  0x00000000000003a2      0x150 ./Core/Src/stm32g4xx_it.o
 .debug_abbrev  0x00000000000004f2      0x116 ./Core/Src/system_stm32g4xx.o
 .debug_abbrev  0x0000000000000608       0x12 ./Core/Startup/startup_stm32g474retx.o
 .debug_abbrev  0x000000000000061a      0x269 ./Drivers/STM32G4xx_HAL_Driver/Src/stm32g4xx_hal.o
 .debug_abbrev  0x0000000000000883      0x30d ./Drivers/STM32G4xx_HAL_Driver/Src/stm32g4xx_hal_cortex.o
 .debug_abbrev  0x0000000000000b90      0x1dc ./Drivers/STM32G4xx_HAL_Driver/Src/stm32g4xx_hal_fdcan.o
 .debug_abbrev  0x0000000000000d6c      0x1bb ./Drivers/STM32G4xx_HAL_Driver/Src/stm32g4xx_hal_gpio.o
 .debug_abbrev  0x0000000000000f27      0x229 ./Drivers/STM32G4xx_HAL_Driver/Src/stm32g4xx_hal_pwr_ex.o
 .debug_abbrev  0x0000000000001150      0x2bd ./Drivers/STM32G4xx_HAL_Driver/Src/stm32g4xx_hal_rcc.o
 .debug_abbrev  0x000000000000140d      0x247 ./Drivers/STM32G4xx_HAL_Driver/Src/stm32g4xx_hal_rcc_ex.o

.debug_aranges  0x0000000000000000      0x870
 .debug_aranges
                0x0000000000000000       0x40 ./Core/Src/main.o
 .debug_aranges
                0x0000000000000040       0x30 ./Core/Src/stm32g4xx_hal_msp.o
 .debug_aranges
                0x0000000000000070       0x68 ./Core/Src/stm32g4xx_it.o
 .debug_aranges
                0x00000000000000d8       0x28 ./Core/Src/system_stm32g4xx.o
 .debug_aranges
                0x0000000000000100       0x28 ./Core/Startup/startup_stm32g474retx.o
 .debug_aranges
                0x0000000000000128      0x148 ./Drivers/STM32G4xx_HAL_Driver/Src/stm32g4xx_hal.o
 .debug_aranges
                0x0000000000000270      0x118 ./Drivers/STM32G4xx_HAL_Driver/Src/stm32g4xx_hal_cortex.o
 .debug_aranges
                0x0000000000000388      0x208 ./Drivers/STM32G4xx_HAL_Driver/Src/stm32g4xx_hal_fdcan.o
 .debug_aranges
                0x0000000000000590       0x58 ./Drivers/STM32G4xx_HAL_Driver/Src/stm32g4xx_hal_gpio.o
 .debug_aranges
                0x00000000000005e8      0x140 ./Drivers/STM32G4xx_HAL_Driver/Src/stm32g4xx_hal_pwr_ex.o
 .debug_aranges
                0x0000000000000728       0x98 ./Drivers/STM32G4xx_HAL_Driver/Src/stm32g4xx_hal_rcc.o
 .debug_aranges
                0x00000000000007c0       0xb0 ./Drivers/STM32G4xx_HAL_Driver/Src/stm32g4xx_hal_rcc_ex.o

.debug_ranges   0x0000000000000000      0x7b8
 .debug_ranges  0x0000000000000000       0x30 ./Core/Src/main.o
 .debug_ranges  0x0000000000000030       0x20 ./Core/Src/stm32g4xx_hal_msp.o
 .debug_ranges  0x0000000000000050       0x58 ./Core/Src/stm32g4xx_it.o
 .debug_ranges  0x00000000000000a8       0x18 ./Core/Src/system_stm32g4xx.o
 .debug_ranges  0x00000000000000c0       0x20 ./Core/Startup/startup_stm32g474retx.o
 .debug_ranges  0x00000000000000e0      0x138 ./Drivers/STM32G4xx_HAL_Driver/Src/stm32g4xx_hal.o
 .debug_ranges  0x0000000000000218      0x108 ./Drivers/STM32G4xx_HAL_Driver/Src/stm32g4xx_hal_cortex.o
 .debug_ranges  0x0000000000000320      0x1f8 ./Drivers/STM32G4xx_HAL_Driver/Src/stm32g4xx_hal_fdcan.o
 .debug_ranges  0x0000000000000518       0x48 ./Drivers/STM32G4xx_HAL_Driver/Src/stm32g4xx_hal_gpio.o
 .debug_ranges  0x0000000000000560      0x130 ./Drivers/STM32G4xx_HAL_Driver/Src/stm32g4xx_hal_pwr_ex.o
 .debug_ranges  0x0000000000000690       0x88 ./Drivers/STM32G4xx_HAL_Driver/Src/stm32g4xx_hal_rcc.o
 .debug_ranges  0x0000000000000718       0xa0 ./Drivers/STM32G4xx_HAL_Driver/Src/stm32g4xx_hal_rcc_ex.o

.debug_macro    0x0000000000000000    0x23c54
 .debug_macro   0x0000000000000000      0x1ba ./Core/Src/main.o
 .debug_macro   0x00000000000001ba      0xa78 ./Core/Src/main.o
 .debug_macro   0x0000000000000c32      0x155 ./Core/Src/main.o
 .debug_macro   0x0000000000000d87       0x2e ./Core/Src/main.o
 .debug_macro   0x0000000000000db5       0x28 ./Core/Src/main.o
 .debug_macro   0x0000000000000ddd       0x22 ./Core/Src/main.o
 .debug_macro   0x0000000000000dff       0x8e ./Core/Src/main.o
 .debug_macro   0x0000000000000e8d       0x51 ./Core/Src/main.o
 .debug_macro   0x0000000000000ede      0x103 ./Core/Src/main.o
 .debug_macro   0x0000000000000fe1       0x6a ./Core/Src/main.o
 .debug_macro   0x000000000000104b      0x1df ./Core/Src/main.o
 .debug_macro   0x000000000000122a       0x1c ./Core/Src/main.o
 .debug_macro   0x0000000000001246       0x22 ./Core/Src/main.o
 .debug_macro   0x0000000000001268       0xfb ./Core/Src/main.o
 .debug_macro   0x0000000000001363     0x1011 ./Core/Src/main.o
 .debug_macro   0x0000000000002374      0x11f ./Core/Src/main.o
 .debug_macro   0x0000000000002493    0x18b45 ./Core/Src/main.o
 .debug_macro   0x000000000001afd8       0x6d ./Core/Src/main.o
 .debug_macro   0x000000000001b045     0x354d ./Core/Src/main.o
 .debug_macro   0x000000000001e592      0x174 ./Core/Src/main.o
 .debug_macro   0x000000000001e706       0x5c ./Core/Src/main.o
 .debug_macro   0x000000000001e762     0x171f ./Core/Src/main.o
 .debug_macro   0x000000000001fe81      0x600 ./Core/Src/main.o
 .debug_macro   0x0000000000020481      0x1b6 ./Core/Src/main.o
 .debug_macro   0x0000000000020637      0x34a ./Core/Src/main.o
 .debug_macro   0x0000000000020981      0x53c ./Core/Src/main.o
 .debug_macro   0x0000000000020ebd      0x18b ./Core/Src/main.o
 .debug_macro   0x0000000000021048       0x43 ./Core/Src/main.o
 .debug_macro   0x000000000002108b      0x23d ./Core/Src/main.o
 .debug_macro   0x00000000000212c8      0x211 ./Core/Src/main.o
 .debug_macro   0x00000000000214d9      0x6bd ./Core/Src/main.o
 .debug_macro   0x0000000000021b96      0x45c ./Core/Src/main.o
 .debug_macro   0x0000000000021ff2      0x11c ./Core/Src/main.o
 .debug_macro   0x000000000002210e      0x122 ./Core/Src/main.o
 .debug_macro   0x0000000000022230      0x3d1 ./Core/Src/main.o
 .debug_macro   0x0000000000022601      0x358 ./Core/Src/main.o
 .debug_macro   0x0000000000022959      0x1ba ./Core/Src/stm32g4xx_hal_msp.o
 .debug_macro   0x0000000000022b13      0x1c4 ./Core/Src/stm32g4xx_it.o
 .debug_macro   0x0000000000022cd7      0x1b0 ./Core/Src/system_stm32g4xx.o
 .debug_macro   0x0000000000022e87      0x1fe ./Drivers/STM32G4xx_HAL_Driver/Src/stm32g4xx_hal.o
 .debug_macro   0x0000000000023085      0x1b0 ./Drivers/STM32G4xx_HAL_Driver/Src/stm32g4xx_hal_cortex.o
 .debug_macro   0x0000000000023235      0x2c2 ./Drivers/STM32G4xx_HAL_Driver/Src/stm32g4xx_hal_fdcan.o
 .debug_macro   0x00000000000234f7      0x1b7 ./Drivers/STM32G4xx_HAL_Driver/Src/stm32g4xx_hal_gpio.o
 .debug_macro   0x00000000000236ae      0x1da ./Drivers/STM32G4xx_HAL_Driver/Src/stm32g4xx_hal_pwr_ex.o
 .debug_macro   0x0000000000023888      0x1f2 ./Drivers/STM32G4xx_HAL_Driver/Src/stm32g4xx_hal_rcc.o
 .debug_macro   0x0000000000023a7a      0x1da ./Drivers/STM32G4xx_HAL_Driver/Src/stm32g4xx_hal_rcc_ex.o

.debug_line     0x0000000000000000     0x848b
 .debug_line    0x0000000000000000      0x7a6 ./Core/Src/main.o
 .debug_line    0x00000000000007a6      0x70f ./Core/Src/stm32g4xx_hal_msp.o
 .debug_line    0x0000000000000eb5      0x786 ./Core/Src/stm32g4xx_it.o
 .debug_line    0x000000000000163b      0x715 ./Core/Src/system_stm32g4xx.o
 .debug_line    0x0000000000001d50       0x89 ./Core/Startup/startup_stm32g474retx.o
 .debug_line    0x0000000000001dd9      0xad4 ./Drivers/STM32G4xx_HAL_Driver/Src/stm32g4xx_hal.o
 .debug_line    0x00000000000028ad      0xc3f ./Drivers/STM32G4xx_HAL_Driver/Src/stm32g4xx_hal_cortex.o
 .debug_line    0x00000000000034ec     0x183f ./Drivers/STM32G4xx_HAL_Driver/Src/stm32g4xx_hal_fdcan.o
 .debug_line    0x0000000000004d2b      0xacf ./Drivers/STM32G4xx_HAL_Driver/Src/stm32g4xx_hal_gpio.o
 .debug_line    0x00000000000057fa      0xc43 ./Drivers/STM32G4xx_HAL_Driver/Src/stm32g4xx_hal_pwr_ex.o
 .debug_line    0x000000000000643d      0xe9f ./Drivers/STM32G4xx_HAL_Driver/Src/stm32g4xx_hal_rcc.o
 .debug_line    0x00000000000072dc     0x11af ./Drivers/STM32G4xx_HAL_Driver/Src/stm32g4xx_hal_rcc_ex.o

.debug_str      0x0000000000000000    0xe4312
 .debug_str     0x0000000000000000    0xe0d5d ./Core/Src/main.o
                                      0xe104e (size before relaxing)
 .debug_str     0x00000000000e0d5d      0x937 ./Core/Src/stm32g4xx_hal_msp.o
                                      0xe1668 (size before relaxing)
 .debug_str     0x00000000000e1694       0xf4 ./Core/Src/stm32g4xx_it.o
                                      0xe0caf (size before relaxing)
 .debug_str     0x00000000000e1788       0xdb ./Core/Src/system_stm32g4xx.o
                                      0xe0a75 (size before relaxing)
 .debug_str     0x00000000000e1863       0x36 ./Core/Startup/startup_stm32g474retx.o
                                         0x79 (size before relaxing)
 .debug_str     0x00000000000e1899      0x5ed ./Drivers/STM32G4xx_HAL_Driver/Src/stm32g4xx_hal.o
                                      0xe1787 (size before relaxing)
 .debug_str     0x00000000000e1e86      0x32e ./Drivers/STM32G4xx_HAL_Driver/Src/stm32g4xx_hal_cortex.o
                                      0xe140b (size before relaxing)
 .debug_str     0x00000000000e21b4     0x1212 ./Drivers/STM32G4xx_HAL_Driver/Src/stm32g4xx_hal_fdcan.o
                                      0xe2024 (size before relaxing)
 .debug_str     0x00000000000e33c6      0x164 ./Drivers/STM32G4xx_HAL_Driver/Src/stm32g4xx_hal_gpio.o
                                      0xe0c00 (size before relaxing)
 .debug_str     0x00000000000e352a      0x4c6 ./Drivers/STM32G4xx_HAL_Driver/Src/stm32g4xx_hal_pwr_ex.o
                                      0xe0f63 (size before relaxing)
 .debug_str     0x00000000000e39f0      0x506 ./Drivers/STM32G4xx_HAL_Driver/Src/stm32g4xx_hal_rcc.o
                                      0xe1194 (size before relaxing)
 .debug_str     0x00000000000e3ef6      0x41c ./Drivers/STM32G4xx_HAL_Driver/Src/stm32g4xx_hal_rcc_ex.o
                                      0xe11be (size before relaxing)

.comment        0x0000000000000000       0x50
 .comment       0x0000000000000000       0x50 ./Core/Src/main.o
                                         0x51 (size before relaxing)
 .comment       0x0000000000000050       0x51 ./Core/Src/stm32g4xx_hal_msp.o
 .comment       0x0000000000000050       0x51 ./Core/Src/stm32g4xx_it.o
 .comment       0x0000000000000050       0x51 ./Core/Src/system_stm32g4xx.o
 .comment       0x0000000000000050       0x51 ./Drivers/STM32G4xx_HAL_Driver/Src/stm32g4xx_hal.o
 .comment       0x0000000000000050       0x51 ./Drivers/STM32G4xx_HAL_Driver/Src/stm32g4xx_hal_cortex.o
 .comment       0x0000000000000050       0x51 ./Drivers/STM32G4xx_HAL_Driver/Src/stm32g4xx_hal_fdcan.o
 .comment       0x0000000000000050       0x51 ./Drivers/STM32G4xx_HAL_Driver/Src/stm32g4xx_hal_gpio.o
 .comment       0x0000000000000050       0x51 ./Drivers/STM32G4xx_HAL_Driver/Src/stm32g4xx_hal_pwr_ex.o
 .comment       0x0000000000000050       0x51 ./Drivers/STM32G4xx_HAL_Driver/Src/stm32g4xx_hal_rcc.o
 .comment       0x0000000000000050       0x51 ./Drivers/STM32G4xx_HAL_Driver/Src/stm32g4xx_hal_rcc_ex.o

.debug_frame    0x0000000000000000     0x2170
 .debug_frame   0x0000000000000000       0xb0 ./Core/Src/main.o
 .debug_frame   0x00000000000000b0       0x84 ./Core/Src/stm32g4xx_hal_msp.o
 .debug_frame   0x0000000000000134      0x120 ./Core/Src/stm32g4xx_it.o
 .debug_frame   0x0000000000000254       0x58 ./Core/Src/system_stm32g4xx.o
 .debug_frame   0x00000000000002ac      0x500 ./Drivers/STM32G4xx_HAL_Driver/Src/stm32g4xx_hal.o
 .debug_frame   0x00000000000007ac      0x498 ./Drivers/STM32G4xx_HAL_Driver/Src/stm32g4xx_hal_cortex.o
 .debug_frame   0x0000000000000c44      0x9b0 ./Drivers/STM32G4xx_HAL_Driver/Src/stm32g4xx_hal_fdcan.o
 .debug_frame   0x00000000000015f4      0x14c ./Drivers/STM32G4xx_HAL_Driver/Src/stm32g4xx_hal_gpio.o
 .debug_frame   0x0000000000001740      0x4fc ./Drivers/STM32G4xx_HAL_Driver/Src/stm32g4xx_hal_pwr_ex.o
 .debug_frame   0x0000000000001c3c      0x23c ./Drivers/STM32G4xx_HAL_Driver/Src/stm32g4xx_hal_rcc.o
 .debug_frame   0x0000000000001e78      0x2ac ./Drivers/STM32G4xx_HAL_Driver/Src/stm32g4xx_hal_rcc_ex.o
 .debug_frame   0x0000000000002124       0x2c c:/users/devan/stm32cubeide_1.9.0/stm32cubeide/plugins/com.st.stm32cube.ide.mcu.externaltools.gnu-tools-for-stm32.10.3-2021.10.win32_1.0.0.202111181127/tools/bin/../lib/gcc/arm-none-eabi/10.3.1/../../../../arm-none-eabi/lib/thumb/v7e-m+fp/hard\libc_nano.a(lib_a-init.o)
 .debug_frame   0x0000000000002150       0x20 c:/users/devan/stm32cubeide_1.9.0/stm32cubeide/plugins/com.st.stm32cube.ide.mcu.externaltools.gnu-tools-for-stm32.10.3-2021.10.win32_1.0.0.202111181127/tools/bin/../lib/gcc/arm-none-eabi/10.3.1/../../../../arm-none-eabi/lib/thumb/v7e-m+fp/hard\libc_nano.a(lib_a-memset.o)
